core_cm3.h:1499:26:__NVIC_GetPriorityGrouping	4	static
core_cm3.h:1511:22:__NVIC_EnableIRQ	16	static
core_cm3.h:1639:22:__NVIC_SetPriority	16	static
core_cm3.h:1686:26:NVIC_EncodePriority	40	static
sa2.c:53:6:sa2_gpio_init	8	static
sa2.c:89:6:sa2_clock_init	16	static
sa2.c:114:6:sa2_timer_init	4	static
sa2.c:127:6:sa2_init	8	static
sa2.c:135:6:sa2_handle_pins	16	static
sa2.c:174:6:sa2_update_clock	40	static
sa2.c:304:6:sa2_set_pitchbend	16	static
sa2.c:308:6:sa2_set_octave	16	static
sa2.c:312:6:sa2_set_pitchbend_range	16	static
sa2.c:316:6:sa2_set_modulation	16	static
sa2.c:320:6:sa2_set_modulation_rate	16	static
sa2.c:324:6:sa2_set_modulation_type	16	static
sa2.c:333:6:sa2_modulation_sync	4	static
sa2.c:339:6:sa2_glitch_m1	4	static
sa2.c:343:6:sa2_glitch_m2	4	static
sa2.c:347:6:sa2_glitch_m3	16	static
sa2.c:358:6:sa2_issue_reset	16	static
sa2.c:364:6:sa2_force_clock	8	static
sa2.c:373:6:sa2_set_poly	16	static
sa2.c:383:6:sa2_set_keystate	16	static
sa2.c:387:6:sa2_key_set	16	static
sa2.c:398:6:sa2_press_keys	16	static
sa2.c:402:6:sa2_reset_all_keys	16	static
sa2.c:409:6:sa2_press_note	16	static
sa2.c:414:6:sa2_press_digit	16	static
sa2.c:419:6:sa2_press_drum	16	static
sa2.c:426:6:sa2_press_demo	16	static
sa2.c:431:6:sa2_press_tempoUp	16	static
sa2.c:435:6:sa2_press_tempoDown	16	static
sa2.c:439:6:sa2_press_volUp	16	static
sa2.c:443:6:sa2_press_volDown	16	static
sa2.c:447:6:sa2_press_select	16	static
sa2.c:451:6:sa2_press_stop	16	static
